[thedesignproject.co/index.html]
[backblue.gif]
[fade.gif]
[index.html]
[thedesignproject.co/img/icon.png]
[thedesignproject.co/img/rocket.png]
[thedesignproject.co/img/images.jpg]
[thedesignproject.co/img/idea.png]
[thedesignproject.co/img/step01.png]
[thedesignproject.co/img/01.png]
[thedesignproject.co/img/02.png]
[thedesignproject.co/img/step02.png]
[thedesignproject.co/img/step03.png]
[thedesignproject.co/img/03.png]
[thedesignproject.co/img/04.png]
[thedesignproject.co/img/step04.png]
[thedesignproject.co/img/love.png]
[ajax.googleapis.com/ajax/libs/jquery/2.1.1/jquery.min.js]
[cdn.jsdelivr.net/npm/sharer.js@latest/sharer.min.js]
[thedesignproject.co/js/jQuery.progressBar.js]
[thedesignproject.co/index.html]
[thedesignproject.co/css/bootstrap-4.0.0_min.css]
[thedesignproject.co/img/loading.gif]
[thedesignproject.co/img/gummy_.png]
[thedesignproject.co/img/ilustracion_people.png]
[thedesignproject.co/img/ilustracion.png]
[thedesignproject.co/css/style_min.css]
[thedesignproject.co/css/form_min.css]
[thedesignproject.co/img/isotipo.svg]
[thedesignproject.co/img/linkedin.svg]
[thedesignproject.co/img/linkedin_h.svg]
[thedesignproject.co/img/twitter.svg]
[thedesignproject.co/img/twitter_h.svg]
[thedesignproject.co/img/facebook.svg]
[thedesignproject.co/img/facebook_.svg]
[thedesignproject.co/img/step01.svg]
[thedesignproject.co/img/step02.svg]
[thedesignproject.co/img/step03.svg]
[thedesignproject.co/img/step04.svg]
[thedesignproject.co/img/title01.svg]
[thedesignproject.co/img/title02.svg]
[thedesignproject.co/img/title03.svg]
[thedesignproject.co/img/title04.svg]
